Processing for Dataset: nq

Processing for eval_model = contriever

Results for dataset: nq
      Model perterb_ratio (%) Accuracy (%) ASR (%)
0   llama7b           100.00%         0.59    0.16
1   llama7b           200.00%         0.57    0.18
2   llama7b           400.00%         0.70    0.08
3   llama7b           600.00%         0.69    0.07
4  vicuna7b           100.00%         0.51    0.21
5  vicuna7b           200.00%         0.52    0.19
6  vicuna7b           400.00%         0.59    0.11
7  vicuna7b           600.00%         0.58    0.10

Processing for eval_model = dpr

Results for dataset: nq
      Model perterb_ratio (%) Accuracy (%) ASR (%)
0   llama7b           100.00%         0.56    0.17
1   llama7b           200.00%         0.56    0.18
2   llama7b           400.00%         0.64    0.10
3   llama7b           600.00%         0.66    0.09
4  vicuna7b           100.00%         0.62    0.17
5  vicuna7b           200.00%         0.57    0.18
6  vicuna7b           400.00%         0.63    0.13
7  vicuna7b           600.00%         0.65    0.12

Processing for eval_model = ance

Results for dataset: nq
      Model perterb_ratio (%) Accuracy (%) ASR (%)
0   llama7b           100.00%         0.57    0.18
1   llama7b           200.00%         0.58    0.20
2   llama7b           400.00%         0.65    0.09
3   llama7b           600.00%         0.66    0.11
4  vicuna7b           100.00%         0.62    0.14
5  vicuna7b           200.00%         0.60    0.13
6  vicuna7b           400.00%         0.64    0.08
7  vicuna7b           600.00%         0.65    0.07

Processing for Dataset: hotpotqa

Processing for eval_model = contriever

Results for dataset: hotpotqa
      Model perterb_ratio (%) Accuracy (%) ASR (%)
0   llama7b           100.00%         0.67    0.17
1   llama7b           200.00%         0.74    0.10
2   llama7b           400.00%         0.74    0.12
3   llama7b           600.00%         0.74    0.13
4  vicuna7b           100.00%         0.73    0.18
5  vicuna7b           200.00%         0.78    0.11
6  vicuna7b           400.00%         0.79    0.13
7  vicuna7b           600.00%         0.78    0.13

Processing for eval_model = dpr

Results for dataset: hotpotqa
      Model perterb_ratio (%) Accuracy (%) ASR (%)
0   llama7b           100.00%         0.66    0.18
1   llama7b           200.00%         0.74    0.12
2   llama7b           400.00%         0.75    0.14
3   llama7b           600.00%         0.72    0.17
4  vicuna7b           100.00%         0.74    0.17
5  vicuna7b           200.00%         0.81    0.11
6  vicuna7b           400.00%         0.83    0.12
7  vicuna7b           600.00%         0.84    0.11

Processing for eval_model = ance

Results for dataset: hotpotqa
      Model perterb_ratio (%) Accuracy (%) ASR (%)
0   llama7b           100.00%         0.70    0.19
1   llama7b           200.00%         0.78    0.11
2   llama7b           400.00%         0.78    0.12
3   llama7b           600.00%         0.77    0.14
4  vicuna7b           100.00%         0.74    0.16
5  vicuna7b           200.00%         0.83    0.10
6  vicuna7b           400.00%         0.83    0.10
7  vicuna7b           600.00%         0.82    0.12

Processing for Dataset: msmarco

Processing for eval_model = contriever

Results for dataset: msmarco
      Model perterb_ratio (%) Accuracy (%) ASR (%)
0   llama7b           100.00%         0.84    0.12
1   llama7b           200.00%         0.86    0.09
2   llama7b           400.00%         0.85    0.12
3   llama7b           600.00%         0.84    0.14
4  vicuna7b           100.00%         0.80    0.14
5  vicuna7b           200.00%         0.83    0.09
6  vicuna7b           400.00%         0.83    0.10
7  vicuna7b           600.00%         0.80    0.13

Processing for eval_model = dpr

Results for dataset: msmarco
      Model perterb_ratio (%) Accuracy (%) ASR (%)
0   llama7b           100.00%         0.84    0.10
1   llama7b           200.00%         0.85    0.10
2   llama7b           400.00%         0.82    0.12
3   llama7b           600.00%         0.84    0.12
4  vicuna7b           100.00%         0.82    0.11
5  vicuna7b           200.00%         0.83    0.09
6  vicuna7b           400.00%         0.80    0.14
7  vicuna7b           600.00%         0.79    0.15

Processing for eval_model = ance

Results for dataset: msmarco
      Model perterb_ratio (%) Accuracy (%) ASR (%)
0   llama7b           100.00%         0.84    0.10
1   llama7b           200.00%         0.85    0.09
2   llama7b           400.00%         0.80    0.11
3   llama7b           600.00%         0.85    0.11
4  vicuna7b           100.00%         0.82    0.11
5  vicuna7b           200.00%         0.82    0.10
6  vicuna7b           400.00%         0.80    0.13
7  vicuna7b           600.00%         0.81    0.11